[tfhtml.themepul.com/edupls/demo/index-2.html]
[backblue.gif]
[fade.gif]
[index.html]
[tfhtml.themepul.com/edupls/demo/assets/img/logo/fav-icon.svg]
[tfhtml.themepul.com/edupls/demo/assets/css/all.min.css]
[tfhtml.themepul.com/edupls/demo/assets/fonts/style.css]
[tfhtml.themepul.com/edupls/demo/assets/css/magnific-popup.min.css]
[tfhtml.themepul.com/edupls/demo/assets/css/aos.css]
[tfhtml.themepul.com/edupls/demo/assets/css/bootstrap.min.css]
[tfhtml.themepul.com/edupls/demo/assets/css/swiper-bundle.min.css]
[tfhtml.themepul.com/edupls/demo/assets/css/animate.min.css]
[tfhtml.themepul.com/edupls/demo/assets/css/style.css]
[tfhtml.themepul.com/edupls/demo/assets/css/responsive.css]
[tfhtml.themepul.com/edupls/demo/index.html]
[tfhtml.themepul.com/edupls/demo/assets/img/logo/logo-3.svg]
[tfhtml.themepul.com/edupls/demo/index-3.html]
[tfhtml.themepul.com/edupls/demo/about-us.html]
[tfhtml.themepul.com/edupls/demo/courses-grid.html]
[tfhtml.themepul.com/edupls/demo/courses-list.html]
[tfhtml.themepul.com/edupls/demo/courses-details.html]
[tfhtml.themepul.com/edupls/demo/pricing-plan.html]
[tfhtml.themepul.com/edupls/demo/team.html]
[tfhtml.themepul.com/edupls/demo/team-details.html]
[tfhtml.themepul.com/edupls/demo/event.html]
[tfhtml.themepul.com/edupls/demo/event-details.html]
[tfhtml.themepul.com/edupls/demo/blog.html]
[tfhtml.themepul.com/edupls/demo/blog-details.html]
[tfhtml.themepul.com/edupls/demo/contact.html]
[tfhtml.themepul.com/edupls/demo/login.html]
[tfhtml.themepul.com/edupls/demo/assets/img/logo/Logo.svg]
[tfhtml.themepul.com/edupls/demo/assets/img/banner/v2/banner-img-1.jpg]
[tfhtml.themepul.com/edupls/demo/assets/img/banner/v2/banner-img-2.jpg]
[tfhtml.themepul.com/edupls/demo/assets/img/case-studies/v3/bg-flower.png]
[tfhtml.themepul.com/edupls/demo/assets/img/about-us/v2/left-img.png]
[tfhtml.themepul.com/edupls/demo/assets/img/about-us/v2/bg-left.png]
[tfhtml.themepul.com/edupls/demo/assets/img/courses/v2/courses-img-1.jpg]
[tfhtml.themepul.com/edupls/demo/assets/img/courses/v2/admin-img-1.png]
[tfhtml.themepul.com/edupls/demo/assets/img/courses/v2/courses-img-2.jpg]
[tfhtml.themepul.com/edupls/demo/assets/img/courses/v2/admin-img-2.png]
[tfhtml.themepul.com/edupls/demo/assets/img/courses/v2/courses-img-3.jpg]
[tfhtml.themepul.com/edupls/demo/assets/img/courses/v2/admin-img-3.png]
[tfhtml.themepul.com/edupls/demo/assets/img/courses/v2/courses-img-4.jpg]
[tfhtml.themepul.com/edupls/demo/assets/img/courses/v2/admin-img-4.png]
[tfhtml.themepul.com/edupls/demo/assets/img/courses/v2/courses-img-5.jpg]
[tfhtml.themepul.com/edupls/demo/assets/img/courses/v2/admin-img-5.png]
[tfhtml.themepul.com/edupls/demo/assets/img/courses/v2/courses-img-6.jpg]
[tfhtml.themepul.com/edupls/demo/assets/img/courses/v2/admin-img-6.png]
[tfhtml.themepul.com/edupls/demo/assets/img/student-feedback/v2/user-img-1.jpg]
[tfhtml.themepul.com/edupls/demo/assets/img/student-feedback/v2/user-img-2.jpg]
[tfhtml.themepul.com/edupls/demo/assets/img/skill-section/skill-left-img.png]
[tfhtml.themepul.com/edupls/demo/assets/img/skill-section/skill-right-img.png]
[tfhtml.themepul.com/edupls/demo/assets/img/our-best-team/v2/team-member-1.png]
[tfhtml.themepul.com/edupls/demo/assets/img/our-best-team/v2/team-member-2.png]
[tfhtml.themepul.com/edupls/demo/assets/img/our-best-team/v2/team-member-3.png]
[tfhtml.themepul.com/edupls/demo/assets/img/make-an-appointment/big-img.png]
[tfhtml.themepul.com/edupls/demo/assets/img/how-it-work/v2/left-img.jpg]
[tfhtml.themepul.com/edupls/demo/assets/img/how-it-work/v2/right-img.jpg]
[tfhtml.themepul.com/edupls/demo/assets/img/how-it-work/v2/right-img-bg.png]
[tfhtml.themepul.com/edupls/demo/assets/img/how-it-work/v2/bg-vector-img.png]
[tfhtml.themepul.com/edupls/demo/assets/img/our-blog/v2/blog-img-1.jpg]
[tfhtml.themepul.com/edupls/demo/assets/img/our-blog/v2/blog-img-2.jpg]
[tfhtml.themepul.com/edupls/demo/assets/img/our-blog/v2/blog-img-3.jpg]
[tfhtml.themepul.com/edupls/demo/assets/img/logo/logo-2.svg]
[tfhtml.themepul.com/edupls/demo/assets/img/footer/v2/gallary-img-1.jpg]
[tfhtml.themepul.com/edupls/demo/assets/img/footer/v2/gallary-img-2.jpg]
[tfhtml.themepul.com/edupls/demo/assets/img/footer/v2/gallary-img-3.jpg]
[tfhtml.themepul.com/edupls/demo/assets/img/footer/v2/gallary-img-4.jpg]
[tfhtml.themepul.com/edupls/demo/assets/img/footer/v2/gallary-img-5.jpg]
[tfhtml.themepul.com/edupls/demo/assets/img/footer/v2/gallary-img-6.jpg]
[tfhtml.themepul.com/edupls/demo/assets/js/jquery.min.js]
[tfhtml.themepul.com/edupls/demo/assets/js/bootstrap.bundle.min.js]
[tfhtml.themepul.com/edupls/demo/assets/js/anime.min.js]
[tfhtml.themepul.com/edupls/demo/assets/js/swiper-bundle.min.js]
[tfhtml.themepul.com/edupls/demo/assets/js/gsap.min.js]
[tfhtml.themepul.com/edupls/demo/assets/js/ScrollTrigger.min.js]
[tfhtml.themepul.com/edupls/demo/assets/js/jquery.counterup.min.js]
[tfhtml.themepul.com/edupls/demo/assets/js/jquery.waypoints.min.js]
[tfhtml.themepul.com/edupls/demo/assets/js/jquery.magnific-popup.min.js]
[tfhtml.themepul.com/edupls/demo/assets/js/jquery.countdown.min.js]
[tfhtml.themepul.com/edupls/demo/assets/js/aos.js]
[tfhtml.themepul.com/edupls/demo/index-2.html]
[tfhtml.themepul.com/edupls/demo/assets/img/logo/fav-icon.svg]
[tfhtml.themepul.com/edupls/demo/assets/js/index.js]
[tfhtml.themepul.com/edupls/demo/assets/fonts/fa-brands-400.woff2]
[tfhtml.themepul.com/edupls/demo/assets/fonts/fa-brands-400.ttf]
[tfhtml.themepul.com/edupls/demo/assets/fonts/fa-regular-400.woff2]
[tfhtml.themepul.com/edupls/demo/assets/fonts/fa-regular-400.ttf]
[tfhtml.themepul.com/edupls/demo/assets/fonts/fa-solid-900.woff2]
[tfhtml.themepul.com/edupls/demo/assets/fonts/fa-solid-900.ttf]
[tfhtml.themepul.com/edupls/demo/assets/fonts/fa-v4compatibility.woff2]
[tfhtml.themepul.com/edupls/demo/assets/fonts/fa-v4compatibility.ttf]
[tfhtml.themepul.com/edupls/demo/assets/css/all.min.css]
[tfhtml.themepul.com/edupls/demo/assets/fonts/icomoon48dd.eot]
[tfhtml.themepul.com/edupls/demo/assets/fonts/icomoon48dd.ttf]
[tfhtml.themepul.com/edupls/demo/assets/fonts/icomoon48dd.woff]
[tfhtml.themepul.com/edupls/demo/assets/fonts/style.css]
[tfhtml.themepul.com/edupls/demo/assets/css/magnific-popup.min.css]
[tfhtml.themepul.com/edupls/demo/assets/css/aos.css]
[tfhtml.themepul.com/edupls/demo/assets/css/bootstrap.min.css]
[tfhtml.themepul.com/edupls/demo/assets/css/swiper-bundle.min.css]
[tfhtml.themepul.com/edupls/demo/assets/css/animate.min.css]
[tfhtml.themepul.com/edupls/demo/assets/fonts/icomoon48dd.svg]
[tfhtml.themepul.com/edupls/demo/assets/img/how-it-work/bg-Image.jpg]
[tfhtml.themepul.com/edupls/demo/assets/img/how-it-work/v2/bg-img.png]
[tfhtml.themepul.com/edupls/demo/assets/img/cta/cta-img.jpg]
[tfhtml.themepul.com/edupls/demo/assets/img/why-choose-us/v2/Way-choses-Us.jpg]
[tfhtml.themepul.com/edupls/demo/assets/img/why-choose-us/v3/bg-img.jpg]
[tfhtml.themepul.com/edupls/demo/assets/img/why-choose-us/small-img.jpg]
[tfhtml.themepul.com/edupls/demo/assets/img/student-feedback/v2/bg-img.jpg]
[tfhtml.themepul.com/edupls/demo/assets/img/get-free-now/bg-map.png]
[tfhtml.themepul.com/edupls/demo/assets/img/register-now/register-now-img.jpg]
[tfhtml.themepul.com/edupls/demo/assets/img/get-free-now/v2/big-img.jpg]
[tfhtml.themepul.com/edupls/demo/assets/img/skill-section/bg-img.jpg]
[tfhtml.themepul.com/edupls/demo/assets/img/make-an-appointment/bg-img.jpg]
[tfhtml.themepul.com/edupls/demo/assets/img/asked-question/bg-img.jpg]
[tfhtml.themepul.com/edupls/demo/assets/img/client-say/client-say-bg-img.png]
[tfhtml.themepul.com/edupls/demo/assets/img/breadcum/bg-img.jpg]
[tfhtml.themepul.com/edupls/demo/assets/img/contact-us/contact-us-bg-img.jpg]
[tfhtml.themepul.com/edupls/demo/assets/img/footer/v1/background-big-img.jpg]
[tfhtml.themepul.com/edupls/demo/assets/img/footer/v2/footer-two-bg-img.jpg]
[tfhtml.themepul.com/edupls/demo/assets/img/footer/v3/bg-img.jpg]
[tfhtml.themepul.com/edupls/demo/assets/css/style.css]
[tfhtml.themepul.com/edupls/demo/assets/css/responsive.css]
[tfhtml.themepul.com/edupls/demo/sign-up.html]
[tfhtml.themepul.com/edupls/demo/assets/img/banner/banner-img.png]
[tfhtml.themepul.com/edupls/demo/assets/img/banner/banner-img-bg-circle.png]
[tfhtml.themepul.com/edupls/demo/assets/img/banner/congratulations.svg]
[tfhtml.themepul.com/edupls/demo/assets/img/banner/banner-interactive-courses.svg]
[tfhtml.themepul.com/edupls/demo/assets/img/banner/students.svg]
[tfhtml.themepul.com/edupls/demo/assets/img/banner/student-img-1.png]
[tfhtml.themepul.com/edupls/demo/assets/img/banner/student-img-2.png]
[tfhtml.themepul.com/edupls/demo/assets/img/banner/student-img-3.png]
[tfhtml.themepul.com/edupls/demo/assets/img/banner/student-img-4.png]
[tfhtml.themepul.com/edupls/demo/assets/img/banner/banner-bg-left.png]
[tfhtml.themepul.com/edupls/demo/assets/img/banner/banner-bg-right.png]
[tfhtml.themepul.com/edupls/demo/assets/img/case-studies/case-img-1.png]
[tfhtml.themepul.com/edupls/demo/assets/img/case-studies/case-middle-design.png]
[tfhtml.themepul.com/edupls/demo/assets/img/case-studies/case-img-2.png]
[tfhtml.themepul.com/edupls/demo/assets/img/case-studies/case-img-3.png]
[tfhtml.themepul.com/edupls/demo/assets/img/about-us/img-1.jpg]
[tfhtml.themepul.com/edupls/demo/assets/img/about-us/img-2.jpg]
[tfhtml.themepul.com/edupls/demo/assets/img/about-us/award-img-1.jpg]
[tfhtml.themepul.com/edupls/demo/assets/img/about-us/award-img-2.jpg]
[tfhtml.themepul.com/edupls/demo/assets/img/about-us/bg-vactor-left.png]
[tfhtml.themepul.com/edupls/demo/assets/img/about-us/bg-vacator-right.png]
[tfhtml.themepul.com/edupls/demo/assets/img/courses/courses-img-1.jpg]
[tfhtml.themepul.com/edupls/demo/assets/img/courses/admin-img-1.png]
[tfhtml.themepul.com/edupls/demo/assets/img/courses/courses-img-2.jpg]
[tfhtml.themepul.com/edupls/demo/assets/img/courses/admin-img-2.png]
[tfhtml.themepul.com/edupls/demo/assets/img/courses/courses-img-3.jpg]
[tfhtml.themepul.com/edupls/demo/assets/img/courses/admin-img-3.png]
[tfhtml.themepul.com/edupls/demo/assets/img/courses/courses-img-4.jpg]
[tfhtml.themepul.com/edupls/demo/assets/img/courses/admin-img-4.png]
[tfhtml.themepul.com/edupls/demo/assets/img/courses/courses-img-5.jpg]
[tfhtml.themepul.com/edupls/demo/assets/img/courses/admin-img-5.png]
[tfhtml.themepul.com/edupls/demo/assets/img/courses/courses-img-6.jpg]
[tfhtml.themepul.com/edupls/demo/assets/img/courses/admin-img-6.png]
[tfhtml.themepul.com/edupls/demo/assets/img/courses/courses-bg-left.png]
[tfhtml.themepul.com/edupls/demo/assets/img/courses/courses-bg-right.png]
[tfhtml.themepul.com/edupls/demo/assets/img/how-it-work/middle-image-circle.png]
[tfhtml.themepul.com/edupls/demo/assets/img/how-it-work/middle-image.png]
[tfhtml.themepul.com/edupls/demo/assets/img/cta/cta-bg-right-img.png]
[tfhtml.themepul.com/edupls/demo/assets/img/cta/cta-bg-left-img.png]
[tfhtml.themepul.com/edupls/demo/assets/img/why-choose-us/big-img.jpg]
[tfhtml.themepul.com/edupls/demo/assets/img/why-choose-us/background-img.png]
[tfhtml.themepul.com/edupls/demo/assets/img/our-best-team/team-member-img-1.jpg]
[tfhtml.themepul.com/edupls/demo/assets/img/our-best-team/team-member-img-2.jpg]
[tfhtml.themepul.com/edupls/demo/assets/img/our-best-team/team-member-img-3.jpg]
[tfhtml.themepul.com/edupls/demo/assets/img/student-feedback/feedback-big-img.png]
[tfhtml.themepul.com/edupls/demo/assets/img/student-feedback/feedback-left-bg.png]
[tfhtml.themepul.com/edupls/demo/assets/img/student-feedback/student-img-1.jpg]
[tfhtml.themepul.com/edupls/demo/assets/img/student-feedback/feedback-right-bg.png]
[tfhtml.themepul.com/edupls/demo/assets/img/get-free-now/student-img.png]
[tfhtml.themepul.com/edupls/demo/assets/img/register-now/background-img.png]
[tfhtml.themepul.com/edupls/demo/assets/img/case-studies/v2/right-img.jpg]
[tfhtml.themepul.com/edupls/demo/assets/img/case-studies/v2/right-img-bg.png]
[tfhtml.themepul.com/edupls/demo/assets/img/our-blog/blog-img-1.jpg]
[tfhtml.themepul.com/edupls/demo/assets/img/our-blog/blog-img-2.jpg]
[tfhtml.themepul.com/edupls/demo/assets/img/our-blog/blog-img-3.jpg]
[tfhtml.themepul.com/edupls/demo/assets/img/brands-logo/logo-1.svg]
[tfhtml.themepul.com/edupls/demo/assets/img/brands-logo/logo-2.svg]
[tfhtml.themepul.com/edupls/demo/assets/img/brands-logo/logo-3.svg]
[tfhtml.themepul.com/edupls/demo/assets/img/brands-logo/logo-4.svg]
[tfhtml.themepul.com/edupls/demo/assets/img/footer/v1/bg-left-color.png]
[tfhtml.themepul.com/edupls/demo/assets/img/footer/v1/bg-right-color.png]
[tfhtml.themepul.com/edupls/demo/index.html]
[tfhtml.themepul.com/edupls/demo/assets/img/logo/logo-3.svg]
[tfhtml.themepul.com/edupls/demo/assets/img/banner/v3/banner-img.jpg]
[tfhtml.themepul.com/edupls/demo/assets/img/features/card-img-1.jpg]
[tfhtml.themepul.com/edupls/demo/assets/img/features/card-img-2.jpg]
[tfhtml.themepul.com/edupls/demo/assets/img/features/card-img-3.jpg]
[tfhtml.themepul.com/edupls/demo/assets/img/about-us/v3/founder-img.jpg]
[tfhtml.themepul.com/edupls/demo/assets/img/about-us/v3/ceo-sign.png]
[tfhtml.themepul.com/edupls/demo/assets/img/about-us/v3/right-img.png]
[tfhtml.themepul.com/edupls/demo/assets/img/courses/courses-img-7.jpg]
[tfhtml.themepul.com/edupls/demo/assets/img/courses/courses-img-8.jpg]
[tfhtml.themepul.com/edupls/demo/assets/img/courses/courses-img-9.jpg]
[tfhtml.themepul.com/edupls/demo/assets/img/courses/courses-img-10.jpg]
[tfhtml.themepul.com/edupls/demo/assets/img/courses-grid-list/list-img-1.jpg]
[tfhtml.themepul.com/edupls/demo/assets/img/courses-grid-list/list-img-2.jpg]
[tfhtml.themepul.com/edupls/demo/assets/img/courses-grid-list/list-img-3.jpg]
[tfhtml.themepul.com/edupls/demo/assets/img/courses-grid-list/list-img-4.jpg]
[tfhtml.themepul.com/edupls/demo/assets/img/courses-grid-list/list-img-5.jpg]
[tfhtml.themepul.com/edupls/demo/assets/img/pricing-plan/wave-img.png]
[tfhtml.themepul.com/edupls/demo/assets/img/how-it-work/v3/right-img-1.jpg]
[tfhtml.themepul.com/edupls/demo/assets/img/how-it-work/v3/right-img-2.jpg]
[tfhtml.themepul.com/edupls/demo/assets/img/how-it-work/v3/right-img-3.jpg]
[tfhtml.themepul.com/edupls/demo/assets/img/cta/v2/left-img.jpg]
[tfhtml.themepul.com/edupls/demo/assets/img/cta/v2/cta-bg-img.png]
[tfhtml.themepul.com/edupls/demo/assets/img/our-best-team/v3/team-member-img-1.jpg]
[tfhtml.themepul.com/edupls/demo/assets/img/our-best-team/v3/team-member-img-2.jpg]
[tfhtml.themepul.com/edupls/demo/assets/img/our-best-team/v3/team-member-img-3.jpg]
[tfhtml.themepul.com/edupls/demo/assets/img/education-video-watch/video-img.jpg]
[tfhtml.themepul.com/edupls/demo/assets/img/courses/v3/user-img-1.jpg]
[tfhtml.themepul.com/edupls/demo/assets/img/courses/v3/user-img-2.jpg]
[tfhtml.themepul.com/edupls/demo/assets/img/client-say/client-img-1.png]
[tfhtml.themepul.com/edupls/demo/assets/img/client-say/client-img-2.png]
[tfhtml.themepul.com/edupls/demo/assets/img/client-say/client-img-3.png]
[tfhtml.themepul.com/edupls/demo/assets/img/our-events/events-img-1.jpg]
[tfhtml.themepul.com/edupls/demo/assets/img/our-events/events-img-2.jpg]
[tfhtml.themepul.com/edupls/demo/assets/img/our-events/events-img-3.jpg]
[tfhtml.themepul.com/edupls/demo/assets/img/our-events/events-img-4.jpg]
[tfhtml.themepul.com/edupls/demo/assets/img/asked-question/user-img.png]
[tfhtml.themepul.com/edupls/demo/assets/img/lastests-news/card-img-1.jpg]
[tfhtml.themepul.com/edupls/demo/assets/img/lastests-news/card-img-2.jpg]
[tfhtml.themepul.com/edupls/demo/assets/img/lastests-news/card-img-3.jpg]
[tfhtml.themepul.com/edupls/demo/index-3.html]
[tfhtml.themepul.com/edupls/demo/about-us.html]
[tfhtml.themepul.com/edupls/demo/courses-grid.html]
[tfhtml.themepul.com/edupls/demo/courses-list.html]
[tfhtml.themepul.com/edupls/demo/assets/img/courses-details/courses-img.jpg]
[tfhtml.themepul.com/edupls/demo/assets/img/courses-details/user-img.png]
[tfhtml.themepul.com/edupls/demo/assets/img/courses-details/author-img.jpg]
[tfhtml.themepul.com/edupls/demo/assets/img/courses-details/sidebar-img.jpg]
[tfhtml.themepul.com/edupls/demo/courses-details.html]
[tfhtml.themepul.com/edupls/demo/assets/img/courses/v3/courses-img-1.jpg]
[tfhtml.themepul.com/edupls/demo/assets/img/courses/v3/courses-img-2.jpg]
[tfhtml.themepul.com/edupls/demo/assets/img/courses/v3/courses-img-3.jpg]
[tfhtml.themepul.com/edupls/demo/pricing-plan.html]
[tfhtml.themepul.com/edupls/demo/assets/img/our-best-team/team-member-img-4.jpg]
[tfhtml.themepul.com/edupls/demo/assets/img/our-best-team/team-member-img-5.jpg]
[tfhtml.themepul.com/edupls/demo/assets/img/our-best-team/team-member-img-6.jpg]
[tfhtml.themepul.com/edupls/demo/team.html]
[tfhtml.themepul.com/edupls/demo/assets/img/team-details/team-img.jpg]
[tfhtml.themepul.com/edupls/demo/team-details.html]
[tfhtml.themepul.com/edupls/demo/assets/img/our-events/events-img-5.jpg]
[tfhtml.themepul.com/edupls/demo/assets/img/our-events/events-img-6.jpg]
[tfhtml.themepul.com/edupls/demo/assets/img/our-events/events-img-7.jpg]
[tfhtml.themepul.com/edupls/demo/assets/img/our-events/events-img-8.jpg]
[tfhtml.themepul.com/edupls/demo/assets/img/our-events/events-img-9.jpg]
[tfhtml.themepul.com/edupls/demo/assets/img/our-events/events-img-10.jpg]
[tfhtml.themepul.com/edupls/demo/assets/img/our-events/events-img-11.jpg]
[tfhtml.themepul.com/edupls/demo/assets/img/our-events/events-img-12.jpg]
[tfhtml.themepul.com/edupls/demo/assets/img/our-events/events-img-13.jpg]
[tfhtml.themepul.com/edupls/demo/assets/img/our-events/events-img-14.jpg]
[tfhtml.themepul.com/edupls/demo/assets/img/our-events/events-img-15.jpg]
[tfhtml.themepul.com/edupls/demo/assets/img/our-events/events-img-16.jpg]
[tfhtml.themepul.com/edupls/demo/event.html]
[tfhtml.themepul.com/edupls/demo/assets/img/event-details/left-big-img.jpg]
[tfhtml.themepul.com/edupls/demo/assets/img/event-details/right-slide-img.jpg]
[tfhtml.themepul.com/edupls/demo/assets/img/event-details/recent-list-event-1.jpg]
[tfhtml.themepul.com/edupls/demo/assets/img/event-details/recent-list-event-2.jpg]
[tfhtml.themepul.com/edupls/demo/assets/img/event-details/recent-list-event-3.jpg]
[tfhtml.themepul.com/edupls/demo/event-details.html]
[tfhtml.themepul.com/edupls/demo/assets/img/blog-card/blog-card-img-1.jpg]
[tfhtml.themepul.com/edupls/demo/assets/img/blog-card/blog-card-img-2.jpg]
[tfhtml.themepul.com/edupls/demo/assets/img/blog-card/blog-card-img-3.jpg]
[tfhtml.themepul.com/edupls/demo/assets/img/project-gallery/gallery-img-1.jpg]
[tfhtml.themepul.com/edupls/demo/assets/img/project-gallery/gallery-img-2.jpg]
[tfhtml.themepul.com/edupls/demo/assets/img/project-gallery/gallery-img-3.jpg]
[tfhtml.themepul.com/edupls/demo/assets/img/project-gallery/gallery-img-4.jpg]
[tfhtml.themepul.com/edupls/demo/assets/img/project-gallery/gallery-img-5.jpg]
[tfhtml.themepul.com/edupls/demo/assets/img/project-gallery/gallery-img-6.jpg]
[tfhtml.themepul.com/edupls/demo/blog.html]
[tfhtml.themepul.com/edupls/demo/assets/img/blog-details-img/blog-big-img.jpg]
[tfhtml.themepul.com/edupls/demo/assets/img/blog-details-img/middle-img-1.jpg]
[tfhtml.themepul.com/edupls/demo/assets/img/blog-details-img/middle-img-2.jpg]
[tfhtml.themepul.com/edupls/demo/assets/img/blog-details-img/comments-img-1.jpg]
[tfhtml.themepul.com/edupls/demo/assets/img/blog-details-img/comments-img-2.jpg]
[tfhtml.themepul.com/edupls/demo/assets/img/blog-details-img/comments-img-3.jpg]
[tfhtml.themepul.com/edupls/demo/blog-details.html]
[tfhtml.themepul.com/edupls/demo/assets/img/contact-us/contact-img.jpg]
[tfhtml.themepul.com/edupls/demo/assets/img/contact-us/bg-map-contact-us.png]
[tfhtml.themepul.com/edupls/demo/contact.html]
[tfhtml.themepul.com/edupls/demo/login.html]
[tfhtml.themepul.com/edupls/demo/assets/img/logo/Logo.svg]
[tfhtml.themepul.com/edupls/demo/assets/img/logo/logo-2.svg]
[tfhtml.themepul.com/edupls/demo/assets/js/jquery.min.js]
[tfhtml.themepul.com/edupls/demo/assets/js/bootstrap.bundle.min.js]
[tfhtml.themepul.com/edupls/demo/assets/js/anime.min.js]
[tfhtml.themepul.com/edupls/demo/Version/index.html]
[tfhtml.themepul.com/edupls/demo/e.100.delayed]
[tfhtml.themepul.com/edupls/demo/l.params.url]
[tfhtml.themepul.com/edupls/demo/assets/js/swiper-bundle.min.js]
[tfhtml.themepul.com/edupls/demo/assets/js/gsap.min.js]
[tfhtml.themepul.com/edupls/demo/assets/js/ScrollTrigger.min.js]
[tfhtml.themepul.com/edupls/demo/assets/js/jquery.counterup.min.js]
[tfhtml.themepul.com/edupls/demo/assets/js/jquery.waypoints.min.js]
[tfhtml.themepul.com/edupls/demo/assets/js/jquery.magnific-popup.min.js]
[tfhtml.themepul.com/edupls/demo/assets/js/jquery.countdown.min.js]
[tfhtml.themepul.com/edupls/demo/assets/js/aos.js]
[tfhtml.themepul.com/edupls/demo/assets/js/index.js]
[tfhtml.themepul.com/edupls/demo/assets/fonts/fa-brands-400.html]
[tfhtml.themepul.com/edupls/demo/assets/fonts/fa-regular-400.html]
[tfhtml.themepul.com/edupls/demo/assets/fonts/fa-solid-900.html]
[tfhtml.themepul.com/edupls/demo/assets/fonts/fa-v4compatibility.html]
[tfhtml.themepul.com/edupls/demo/assets/fonts/fa-v4compatibility-2.html]
[tfhtml.themepul.com/edupls/demo/assets/fonts/icomoon48dd.svg]
[tfhtml.themepul.com/edupls/demo/sign-up.html]
[tfhtml.themepul.com/edupls/demo/assets/img/banner/congratulations.svg]
[tfhtml.themepul.com/edupls/demo/assets/img/banner/banner-interactive-courses.svg]
[tfhtml.themepul.com/edupls/demo/assets/img/banner/students.svg]
[tfhtml.themepul.com/edupls/demo/assets/img/brands-logo/logo-1.svg]
[tfhtml.themepul.com/edupls/demo/assets/img/brands-logo/logo-2.svg]
[tfhtml.themepul.com/edupls/demo/assets/img/brands-logo/logo-3.svg]
[tfhtml.themepul.com/edupls/demo/assets/img/brands-logo/logo-4.svg]
[tfhtml.themepul.com/edupls/demo/Version/index.html]
[tfhtml.themepul.com/edupls/demo/e.html]
[tfhtml.themepul.com/edupls/demo/l.params.html]
[tfhtml.themepul.com/edupls/demo/dist/index.html]
[tfhtml.themepul.com/edupls/demo/dist/index.html]
